
> tap-frontend-app@0.0.0 build
> tsc -b && vite build

[36mvite v7.3.0 [32mbuilding client environment for production...[36m[39m
transforming...
[32mΓ£ô[39m 2 modules transformed.
node.exe : 
[31mΓ£ù[39m Build 
failed in 119ms
At line:1 char:1
+ & "C:\Program Files
\nodejs/node.exe" 
"C:\Program 
Files\nodejs/node_mo 
...
+ ~~~~~~~~~~~~~~~~~~~
~~~~~~~~~~~~~~~~~~~~~
~~~~~~~~~~~~~~~~~~~~~
~~~~~~~~
    + CategoryInfo   
           : NotSpe  
  cified: ([31mΓ£   
 ù[39m Build fai    
led in 119ms:Str    
ing) [], RemoteE    
xception
    + FullyQualified 
   ErrorId : Native  
  CommandError
 
[31merror during 
build:
[31m[vite]: Rollup 
failed to resolve 
import 
"react-dom/client" 
from "C:/Users/mohit/
OneDrive/Desktop/tap 
frontend/src/main.tsx
".
This is most likely 
unintended because 
it can break your 
application at 
runtime.
If you do want to 
externalize this 
module explicitly 
add it to
`build.rollupOptions.
external`[31m
    at viteLog (file:
///C:/Users/mohit/One
Drive/Desktop/tap%20f
rontend/node_modules/
vite/dist/node/chunks
/config.js:33634:57)
    at file:///C:/Use
rs/mohit/OneDrive/Des
ktop/tap%20frontend/n
ode_modules/vite/dist
/node/chunks/config.j
s:33668:73
    at onwarn (file:/
//C:/Users/mohit/OneD
rive/Desktop/tap%20fr
ontend/node_modules/@
vitejs/plugin-react/d
ist/index.js:76:7)
    at file:///C:/Use
rs/mohit/OneDrive/Des
ktop/tap%20frontend/n
ode_modules/vite/dist
/node/chunks/config.j
s:33668:28
    at onRollupLog (f
ile:///C:/Users/mohit
/OneDrive/Desktop/tap
%20frontend/node_modu
les/vite/dist/node/ch
unks/config.js:33663:
63)
    at onLog (file://
/C:/Users/mohit/OneDr
ive/Desktop/tap%20fro
ntend/node_modules/vi
te/dist/node/chunks/c
onfig.js:33466:4)
    at file:///C:/Use
rs/mohit/OneDrive/Des
ktop/tap%20frontend/n
ode_modules/rollup/di
st/es/shared/node-ent
ry.js:21032:32
    at Object.logger 
[as onLog] (file:///C
:/Users/mohit/OneDriv
e/Desktop/tap%20front
end/node_modules/roll
up/dist/es/shared/nod
e-entry.js:22919:9)
    at ModuleLoader.h
andleInvalidResolvedI
d (file:///C:/Users/m
ohit/OneDrive/Desktop
/tap%20frontend/node_
modules/rollup/dist/e
s/shared/node-entry.j
s:21663:26)
    at file:///C:/Use
rs/mohit/OneDrive/Des
ktop/tap%20frontend/n
ode_modules/rollup/di
st/es/shared/node-ent
ry.js:21621:26[39m
